2026-04-24 12:32:00 - Updated Sea Trail courses (Byrd, Jones, Maples) in nc.json with post-renovation (2024/2025) yardages, par, and handicaps. Added Blue, Red, and Teal tees.
2026-04-24 12:33:00 - Added Blue, Red, and Teal tee options to the setup screen in index.html.
[2026-04-24] v276.0-GOLD Release
- Updated Sea Trail (Byrd, Jones, Maples) with 2024/2025 renovation data.
- Added full 5-tee support (Blue, White, Gold, Red, Teal) for Sea Trail.
- Fixed Combo tee selection logic to dynamically disable based on data availability.
- Promoted build to GOLD STANDARD.
- Verified stable Sea Trail scorecard yardages and handicaps.
2026-04-24 12:37:00 - Updated app.js logic to dynamically disable tee options (like Combo) if course data is missing.
2026-04-24 12:38:00 - Restored Combo tee support for Sea Trail courses by adding 'cmb' mask (White/Gold mix).
[2026-05-07] v280.7 Release
- Fixed navigation and auto-forward logic for rounds starting on Hole 10.
- Corrected junk scoring hole mapping (getAbsHole) in calcJunkRes.
- Added defensive NaN checks and course data fallbacks in getPops and junk calculations.
- Ensured hole state persistence as integers.
- Verified fixes with automated logic test harness.
[2026-05-07] v280.7 Release
- Fixed navigation and auto-forward logic for rounds starting on Hole 10.
- Corrected junk scoring hole mapping (getAbsHole) in calcJunkRes.
- Added defensive NaN checks and course data fallbacks in getPops and junk calculations.
- Ensured hole state persistence as integers.
- Verified fixes with automated logic test harness.

[2026-05-07] v280.8 Release
- Fixed a critical crash in navH caused by missing auto-adv-banner element in some UI states.
- Added defensive DOM checks to prevent script termination during hole transitions.
- Strengthened course data lookups in junk scoring.

2026-05-21 21:05:00 - Updated Rivers Edge (re) in nc.json with scorecard yardages, par, and handicaps. Added Gold, Black, White, Green, and Blue tees.
2026-06-03 16:49:30 - Added Raleigh Golf Association (rga) to data/courses.js and data/regions/nc.json with yardages (Blue, White, Gold, Green, Red), par, and handicaps from front and back 9 scorecards.
2026-06-03 17:08:00 - Silenced voice announcements when in "Scorecard Only" (single) game mode.
[2026-06-03] v280.12 Release - Added RGA (Raleigh Golf Association) course; Silenced voice in Scorecard Only mode
[2026-06-05] v280.13 Release
- Completed audit and corrected Sandpiper Bay data in data/regions/nc.json (Black, White, Gold, Orange tees; ratings; handicap and par values).
- Fixed buildComposite in CODv280_13_GOLD.html to handle black and orange tee options during nine combinations.
- Bumped version from v280.12 to v280.13 in index.html, js/app.js, and bundle_gold.py.
- Fixed course selection crash in selectCourse for composite courses (with nines) by adding defensive c.y check.
- Fixed composite course setup crash where getScorecardHTML would read c.p before buildComposite was run (built composite immediately on course select and nine selection).
- Added Black and Orange tee options to index.html select element.
- Fixed buildComposite in js/app.js to initialize all possible tee colors (black, blue, white, gold, orange, red, teal).
- Fixed composite course handicap display to decode mapped 18-hole values back to their original 9-hole scorecard values (e.g. mapping 5 back to 3) for display in uDash, uCard, and Share Recap, while keeping correct 18-hole mapping in the backend for stroke allocation logic.

2026-06-10 17:34:00 - Updated Sea Trail Byrd course in data/regions/nc.json with correct post-renovation yardages for Blue, White, and Gold tees, and corrected handicaps for holes 11 and 14.

2026-06-10 17:54:00 - Corrected Men's handicaps for Sea Trail Jones course (swapped holes 15 and 16) and Maples course (fixed scrambled handicap array) in data/regions/nc.json.
[2026-06-10] v280.14 Release
- Corrected Sea Trail Jones and Maples Men's handicap arrays.
- Bumped version to v280.14 in index.html, js/app.js, and bundle_gold.py.
- Generated new CODv280_14_GOLD.html bundle.

2026-07-13 18:16:00 - Added River Ridge Golf Course to data/courses.js and data/regions/nc.json.

[2026-07-13] v280.15 Release
- Added River Ridge Golf Course (Raleigh, NC) with scorecard yardages (Black, Blue, White, Gold, Red), par, and handicap information.
- Bumped version to v280.15 in index.html, js/app.js, and bundle_gold.py.
- Generated new CODv280_15_GOLD.html bundle.

[2026-08-27] v281.0 Release
- Added Captain's Choice (2-Man Scramble) game mode with fixed 18-hole team matches.
- Implemented team-based score inputs and score syncing for Team A (Cart A) and Team B (Cart B).
- Updated in-round dashboard banner and scorecard payouts to reflect Front 9, Back 9, and Overall Match standings.
- Added "No Handicaps (Straight Gross)" toggle to bypass all handicap and stroke calculations and remove stroke badges.
- Bumped version to v281.0 in index.html, js/app.js, and bundle_gold.py.
- Generated new CODv281_0_GOLD.html bundle.

2026-08-27 19:06:00 - Added River Hills Golf Course (SC) to data/courses.js and data/regions/sc.json, including Teal, Garnet (Red), Orange, Carolina Blue (Blue), and Purple (White) tees.
2026-08-29 09:43:00 - Added Grande Dunes Resort Course (SC) to data/courses.js and data/regions/sc.json with yardages (Red, Blue, White, Gold, Green), Par 71, and Men's/Women's handicap data. Added Green tee option to index.html and generated bundled gold HTML.
2026-08-29 13:42:00 - Fixed Captain's Choice (cc_match) and Nassau messaging & settlement scoring across R Simple, TXT+IMG, Recap, and History. Fixed calcBets(), getNetTotalsHTML(), and share() to compute and format team bets and individual debtor-to-creditor settlement strings ("Player A pays Player B $X").
2026-08-29 13:58:00 - Updated bundle_gold.py to synchronously bundle COD_GOLD_STANDARD.html in addition to CODv281_0_GOLD.html; bumped cachebuster version query string in index.html to ?v=202608291400; improved restoreSet() to reliably restore g-mode-top on launch.
2026-08-29 14:07:00 - Updated getSettleStr() specifically for Captain's Choice (cc_match) to display Team vs Team settlement with player names (e.g. 'Dan and Doug owe Steve and Dewey $10'). Bumped cachebuster to ?v=202608291410 and bundled both gold files.
2026-08-29 15:30:00 - Updated Captain's Choice settlement output to include: 1) Team Match settlement, 2) Individual Junk net totals and Junk payouts, 3) Complete totals per player (Match + Junk), and 4) Final overall payouts. Bumped cachebuster to ?v=202608291530 and re-bundled gold files.
2026-08-29 15:45:00 - Fixed Junk payout engine (calcJunkRes) to standard peer-to-peer dot golf: each Greenie, Sandie, and Long Putt pays $1 from EVERY other player in the junk game with no limits, carryover pots, or refund caps. Bumped cachebuster to ?v=202608291545 and re-bundled gold files.
2026-08-29 16:05:00 - Updated 'SHARE SCORECARD ONLY 📄' (shareSimpleScorecard) to share ONLY the clean scorecard image with no financial betting, junk, or payouts text attached. Bumped cachebuster to ?v=202608291605 and re-bundled gold files.
2026-08-29 16:38:00 - Fixed Captain's Choice (cc_match) scorecard and hole view dot rendering to check both partners on the cart (evaluating Cart A: 0 & 1, Cart B: 2 & 3) so that Dewey's and Doug's handicap stroke dots properly appear on their team rows. Bumped cachebuster to ?v=202608291638 and re-bundled gold files.
2026-08-29 16:45:00 - Bumped version to v281.1 with cachebuster ?v=202608291645 across all views and bundles so iPhone / Safari users can easily verify fresh app build.
2026-08-29 16:50:00 - Fixed undefined nmEl variable in map function; bumped cachebuster to ?v=202608291650 and re-bundled gold files.
